// Jest Snapshot v1, https://goo.gl/fbAQLP

exports[`screens.LoginScreen Tests LoginScreen - default 1`] = `
<View
  style={
    Object {
      "backgroundColor": "#ffffff",
      "flex": 1,
    }
  }
  testID="safeAreaView"
>
  <View
    onLayout={[Function]}
    style={
      Array [
        Object {
          "backgroundColor": "#ffffff",
          "flex": 1,
        },
        undefined,
      ]
    }
    testID="keyboardAvoiding"
  >
    <View
      style={
        Object {
          "alignItems": "center",
          "flex": 1,
          "justifyContent": "space-between",
        }
      }
    >
      <View
        style={
          Object {
            "paddingBottom": 8,
            "paddingTop": 8,
            "width": "100%",
          }
        }
      >
        <Image
          source={
            Object {
              "testUri": "../../../src/components/Logo/images/logo.png",
            }
          }
          style={
            Object {
              "alignSelf": "center",
              "height": 100,
              "width": 100,
            }
          }
        />
        <Text
          style={
            Object {
              "color": "#395596",
              "fontFamily": "JetBrainsMono-Regular",
              "fontSize": 18,
              "paddingTop": 2,
              "textAlign": "center",
            }
          }
        >
          Dia-Log
        </Text>
      </View>
      <View
        style={
          Object {
            "paddingHorizontal": 32,
            "width": "100%",
          }
        }
      >
        <View
          style={
            Object {
              "width": "100%",
            }
          }
        >
          <View
            style={Object {}}
          >
            <View
              style={
                Object {
                  "paddingTop": 16,
                }
              }
            >
              <TextInput
                allowFontScaling={true}
                autoCapitalize="none"
                autoCompleteType="email"
                autoCorrect={false}
                keyboardType="email-address"
                onChangeText={[Function]}
                placeholder="E-mail"
                placeholderTextColor="#cccccc"
                rejectResponderTermination={true}
                returnKeyType="next"
                style={
                  Object {
                    "borderBottomWidth": 1,
                    "borderColor": "#395596",
                    "color": "#395596",
                    "fontFamily": "JetBrainsMono-Regular",
                    "fontSize": 16,
                    "height": 32,
                    "paddingHorizontal": 0,
                    "paddingVertical": 0,
                  }
                }
                textContentType="emailAddress"
                underlineColorAndroid="transparent"
                value=""
              />
            </View>
          </View>
          <View
            style={
              Object {
                "paddingTop": 24,
              }
            }
          >
            <View
              style={
                Object {
                  "paddingTop": 16,
                }
              }
            >
              <TextInput
                allowFontScaling={true}
                autoCapitalize="none"
                autoCompleteType="password"
                onChangeText={[Function]}
                placeholder="Password"
                placeholderTextColor="#cccccc"
                rejectResponderTermination={true}
                returnKeyType="done"
                secureTextEntry={true}
                style={
                  Object {
                    "borderBottomWidth": 1,
                    "borderColor": "#395596",
                    "color": "#395596",
                    "fontFamily": "JetBrainsMono-Regular",
                    "fontSize": 16,
                    "height": 32,
                    "paddingHorizontal": 0,
                    "paddingVertical": 0,
                  }
                }
                textContentType="password"
                underlineColorAndroid="transparent"
                value=""
              />
            </View>
            <Text
              onPress={[Function]}
              style={
                Object {
                  "color": "#395596",
                  "fontFamily": "JetBrainsMono-Bold",
                  "fontSize": 16,
                  "paddingTop": 8,
                  "textAlign": "right",
                }
              }
              testID="passwordForgot"
            >
              I forgot my password
            </Text>
          </View>
          <View
            style={
              Object {
                "paddingTop": 32,
              }
            }
          >
            <View
              accessible={true}
              focusable={true}
              onClick={[Function]}
              onResponderGrant={[Function]}
              onResponderMove={[Function]}
              onResponderRelease={[Function]}
              onResponderTerminate={[Function]}
              onResponderTerminationRequest={[Function]}
              onStartShouldSetResponder={[Function]}
              style={
                Object {
                  "opacity": 1,
                }
              }
              testID="login-button"
            >
              <View
                style={
                  Object {
                    "alignSelf": "center",
                    "backgroundColor": "#ffffff",
                    "borderColor": "#395596",
                    "borderRadius": 22,
                    "borderWidth": 1,
                    "flexDirection": "row",
                    "justifyContent": "center",
                    "paddingHorizontal": 8,
                    "paddingVertical": 4,
                    "width": "100%",
                  }
                }
              >
                <Text
                  style={
                    Object {
                      "color": "#395596",
                      "fontFamily": "JetBrainsMono-Bold",
                      "fontSize": 20,
                      "textAlign": "center",
                    }
                  }
                >
                  Login
                </Text>
              </View>
            </View>
          </View>
        </View>
      </View>
      <View
        style={
          Object {
            "paddingBottom": 24,
          }
        }
      >
        <Text
          onPress={[Function]}
          style={
            Object {
              "color": "#395596",
              "fontFamily": "JetBrainsMono-Bold",
              "fontSize": 16,
            }
          }
        >
          Sign Up
        </Text>
        <Text
          onPress={[Function]}
          style={
            Object {
              "color": "#395596",
              "fontFamily": "JetBrainsMono-Bold",
              "fontSize": 16,
            }
          }
        >
          Just let me in
        </Text>
      </View>
    </View>
  </View>
</View>
`;
