// Jest Snapshot v1, https://goo.gl/fbAQLP

exports[`components.Loading Snapshot Test 1`] = `
<View
  style={
    Object {
      "alignItems": "center",
      "backgroundColor": "#ffffff",
      "flex": 1,
      "justifyContent": "center",
    }
  }
  testID="loading"
>
  <ActivityIndicator
    animating={true}
    color="#395596"
    hidesWhenStopped={true}
    size="large"
  />
</View>
`;
